// Jest Snapshot v1, https://goo.gl/fbAQLP

exports[`<Button /> should render correctly 1`] = `
ShallowWrapper {
  Symbol(enzyme.__root__): [Circular],
  Symbol(enzyme.__unrendered__): <Button
    type="new"
  >
    Test
  </Button>,
  Symbol(enzyme.__renderer__): Object {
    "batchedUpdates": [Function],
    "getNode": [Function],
    "render": [Function],
    "simulateError": [Function],
    "simulateEvent": [Function],
    "unmount": [Function],
  },
  Symbol(enzyme.__node__): Object {
    "instance": null,
    "key": undefined,
    "nodeType": "function",
    "props": Object {
      "children": "Test",
      "type": "new",
    },
    "ref": null,
    "rendered": "Test",
    "type": Object {
      "$$typeof": Symbol(react.forward_ref),
      "attrs": undefined,
      "componentStyle": ComponentStyle {
        "componentId": "sc-bdVaJa",
        "isStatic": true,
        "rules": Array [
          "
  margin-top: 1rem;
  margin-bottom: 1rem;
  height: 3rem;
  width: 6rem;
  background: none;
  border: none;
  border-radius: .5rem;
  font-size: 1.25em;
  color: rgb(0, 0, 0);
  cursor: pointer;
",
        ],
      },
      "displayName": "styled.button",
      "render": [Function],
      "styledComponentId": "sc-bdVaJa",
      "target": "button",
      "warnTooManyClasses": [Function],
      "withComponent": [Function],
    },
  },
  Symbol(enzyme.__nodes__): Array [
    Object {
      "instance": null,
      "key": undefined,
      "nodeType": "function",
      "props": Object {
        "children": "Test",
        "type": "new",
      },
      "ref": null,
      "rendered": "Test",
      "type": Object {
        "$$typeof": Symbol(react.forward_ref),
        "attrs": undefined,
        "componentStyle": ComponentStyle {
          "componentId": "sc-bdVaJa",
          "isStatic": true,
          "rules": Array [
            "
  margin-top: 1rem;
  margin-bottom: 1rem;
  height: 3rem;
  width: 6rem;
  background: none;
  border: none;
  border-radius: .5rem;
  font-size: 1.25em;
  color: rgb(0, 0, 0);
  cursor: pointer;
",
          ],
        },
        "displayName": "styled.button",
        "render": [Function],
        "styledComponentId": "sc-bdVaJa",
        "target": "button",
        "warnTooManyClasses": [Function],
        "withComponent": [Function],
      },
    },
  ],
  Symbol(enzyme.__options__): Object {
    "adapter": ReactSixteenAdapter {
      "options": Object {
        "enableComponentDidUpdateOnSetState": true,
        "lifecycles": Object {
          "componentDidUpdate": Object {
            "onSetState": true,
          },
          "getDerivedStateFromProps": true,
          "getSnapshotBeforeUpdate": true,
          "setState": Object {
            "skipsComponentDidUpdateOnNullish": true,
          },
        },
      },
    },
  },
}
`;
