// Jest Snapshot v1, https://goo.gl/fbAQLP

exports[`<Li /> should render correctly 1`] = `
<styled.li>
  Test
</styled.li>
`;
