// Jest Snapshot v1, https://goo.gl/fbAQLP

exports[`<LinkButton /> should render correctly 1`] = `
<styled.button>
  Test
</styled.button>
`;
