// Jest Snapshot v1, https://goo.gl/fbAQLP

exports[`<Ul /> should render correctly 1`] = `
ShallowWrapper {
  Symbol(enzyme.__root__): [Circular],
  Symbol(enzyme.__unrendered__): <Ul>
    <Li>
      a
    </Li>
    <Li>
      b
    </Li>
    <Li>
      c
    </Li>
  </Ul>,
  Symbol(enzyme.__renderer__): Object {
    "batchedUpdates": [Function],
    "getNode": [Function],
    "render": [Function],
    "simulateError": [Function],
    "simulateEvent": [Function],
    "unmount": [Function],
  },
  Symbol(enzyme.__node__): Object {
    "instance": null,
    "key": undefined,
    "nodeType": "function",
    "props": Object {
      "children": Array [
        <Li>
          a
        </Li>,
        <Li>
          b
        </Li>,
        <Li>
          c
        </Li>,
      ],
    },
    "ref": null,
    "rendered": Array [
      Object {
        "instance": null,
        "key": "a",
        "nodeType": "function",
        "props": Object {
          "children": "a",
        },
        "ref": null,
        "rendered": "a",
        "type": [Function],
      },
      Object {
        "instance": null,
        "key": "b",
        "nodeType": "function",
        "props": Object {
          "children": "b",
        },
        "ref": null,
        "rendered": "b",
        "type": [Function],
      },
      Object {
        "instance": null,
        "key": "c",
        "nodeType": "function",
        "props": Object {
          "children": "c",
        },
        "ref": null,
        "rendered": "c",
        "type": [Function],
      },
    ],
    "type": Object {
      "$$typeof": Symbol(react.forward_ref),
      "attrs": undefined,
      "componentStyle": ComponentStyle {
        "componentId": "sc-bdVaJa",
        "isStatic": true,
        "rules": Array [
          "
  margin-left: .5rem;
  list-style: none;
",
        ],
      },
      "displayName": "styled.ul",
      "render": [Function],
      "styledComponentId": "sc-bdVaJa",
      "target": "ul",
      "warnTooManyClasses": [Function],
      "withComponent": [Function],
    },
  },
  Symbol(enzyme.__nodes__): Array [
    Object {
      "instance": null,
      "key": undefined,
      "nodeType": "function",
      "props": Object {
        "children": Array [
          <Li>
            a
          </Li>,
          <Li>
            b
          </Li>,
          <Li>
            c
          </Li>,
        ],
      },
      "ref": null,
      "rendered": Array [
        Object {
          "instance": null,
          "key": "a",
          "nodeType": "function",
          "props": Object {
            "children": "a",
          },
          "ref": null,
          "rendered": "a",
          "type": [Function],
        },
        Object {
          "instance": null,
          "key": "b",
          "nodeType": "function",
          "props": Object {
            "children": "b",
          },
          "ref": null,
          "rendered": "b",
          "type": [Function],
        },
        Object {
          "instance": null,
          "key": "c",
          "nodeType": "function",
          "props": Object {
            "children": "c",
          },
          "ref": null,
          "rendered": "c",
          "type": [Function],
        },
      ],
      "type": Object {
        "$$typeof": Symbol(react.forward_ref),
        "attrs": undefined,
        "componentStyle": ComponentStyle {
          "componentId": "sc-bdVaJa",
          "isStatic": true,
          "rules": Array [
            "
  margin-left: .5rem;
  list-style: none;
",
          ],
        },
        "displayName": "styled.ul",
        "render": [Function],
        "styledComponentId": "sc-bdVaJa",
        "target": "ul",
        "warnTooManyClasses": [Function],
        "withComponent": [Function],
      },
    },
  ],
  Symbol(enzyme.__options__): Object {
    "adapter": ReactSixteenAdapter {
      "options": Object {
        "enableComponentDidUpdateOnSetState": true,
        "lifecycles": Object {
          "componentDidUpdate": Object {
            "onSetState": true,
          },
          "getDerivedStateFromProps": true,
          "getSnapshotBeforeUpdate": true,
          "setState": Object {
            "skipsComponentDidUpdateOnNullish": true,
          },
        },
      },
    },
  },
}
`;
