// Jest Snapshot v1, https://goo.gl/fbAQLP

exports[`<Text /> should render correctly 1`] = `
.c1 {
  margin-top: 1rem;
  margin-bottom: 1rem;
  padding-top: 1rem;
  padding-bottom: 1rem;
  display: -webkit-box;
  display: -webkit-flex;
  display: -ms-flexbox;
  display: flex;
  -webkit-flex-direction: column;
  -ms-flex-direction: column;
  flex-direction: column;
  font-size: 2em;
  border: none;
}

.c2 {
  display: -webkit-box;
  display: -webkit-flex;
  display: -ms-flexbox;
  display: flex;
  -webkit-flex-direction: column;
  -ms-flex-direction: column;
  flex-direction: column;
  height: 100%;
  padding: .25rem;
  border: none;
  overflow: auto;
  outline: none;
  box-shadow: none;
  resize: none;
  font-family: 'Monaco',monospace,sans-serif;
}

.c0 {
  padding-right: 1rem;
  padding-left: 1rem;
  height: 100%;
  width: 80%;
  display: -webkit-box;
  display: -webkit-flex;
  display: -ms-flexbox;
  display: flex;
  -webkit-flex-direction: column;
  -ms-flex-direction: column;
  flex-direction: column;
  -webkit-box-pack: justify;
  -webkit-justify-content: space-between;
  -ms-flex-pack: justify;
  justify-content: space-between;
}

<styled.div>
  <StyledComponent
    forwardedClass={
      Object {
        "$$typeof": Symbol(react.forward_ref),
        "Content": Object {
          "$$typeof": Symbol(react.forward_ref),
          "attrs": undefined,
          "componentStyle": ComponentStyle {
            "componentId": "sc-bwzfXH",
            "isStatic": true,
            "lastClassName": "c2",
            "rules": Array [
              "
  display: flex;
  flex-direction: column;
  height: 100%;
  padding: .25rem;
  border: none;
  overflow: auto;
  outline: none;
  box-shadow: none;
  resize: none;
  font-family: 'Monaco', monospace, sans-serif;
",
            ],
          },
          "displayName": "styled.textarea",
          "render": [Function],
          "styledComponentId": "sc-bwzfXH",
          "target": "textarea",
          "warnTooManyClasses": [Function],
          "withComponent": [Function],
        },
        "Name": Object {
          "$$typeof": Symbol(react.forward_ref),
          "attrs": undefined,
          "componentStyle": ComponentStyle {
            "componentId": "sc-bdVaJa",
            "isStatic": true,
            "lastClassName": "c1",
            "rules": Array [
              "
  margin-top: 1rem;
  margin-bottom: 1rem;
  padding-top: 1rem;
  padding-bottom: 1rem;
  display: flex;
  flex-direction: column;
  font-size: 2em;
  border: none;
",
            ],
          },
          "displayName": "styled.input",
          "render": [Function],
          "styledComponentId": "sc-bdVaJa",
          "target": "input",
          "warnTooManyClasses": [Function],
          "withComponent": [Function],
        },
        "attrs": undefined,
        "componentStyle": ComponentStyle {
          "componentId": "sc-htpNat",
          "isStatic": true,
          "lastClassName": "c0",
          "rules": Array [
            "
  padding-right: 1rem;
  padding-left: 1rem;
  height: 100%;
  width: 80%;
  display: flex;
  flex-direction: column;
  justify-content: space-between;
",
          ],
        },
        "displayName": "styled.div",
        "render": [Function],
        "styledComponentId": "sc-htpNat",
        "target": "div",
        "warnTooManyClasses": [Function],
        "withComponent": [Function],
      }
    }
    forwardedRef={null}
  >
    <div
      className="c0"
    >
      <styled.input
        placeholder="untitled.md"
        value="test01.md"
      >
        <StyledComponent
          forwardedClass={
            Object {
              "$$typeof": Symbol(react.forward_ref),
              "attrs": undefined,
              "componentStyle": ComponentStyle {
                "componentId": "sc-bdVaJa",
                "isStatic": true,
                "lastClassName": "c1",
                "rules": Array [
                  "
  margin-top: 1rem;
  margin-bottom: 1rem;
  padding-top: 1rem;
  padding-bottom: 1rem;
  display: flex;
  flex-direction: column;
  font-size: 2em;
  border: none;
",
                ],
              },
              "displayName": "styled.input",
              "render": [Function],
              "styledComponentId": "sc-bdVaJa",
              "target": "input",
              "warnTooManyClasses": [Function],
              "withComponent": [Function],
            }
          }
          forwardedRef={null}
          placeholder="untitled.md"
          value="test01.md"
        >
          <input
            className="c1"
            placeholder="untitled.md"
            value="test01.md"
          />
        </StyledComponent>
      </styled.input>
      <styled.textarea
        placeholder="\\"The first draft is just you telling yourself the story.\\""
        value="this is the body of test01.md"
      >
        <StyledComponent
          forwardedClass={
            Object {
              "$$typeof": Symbol(react.forward_ref),
              "attrs": undefined,
              "componentStyle": ComponentStyle {
                "componentId": "sc-bwzfXH",
                "isStatic": true,
                "lastClassName": "c2",
                "rules": Array [
                  "
  display: flex;
  flex-direction: column;
  height: 100%;
  padding: .25rem;
  border: none;
  overflow: auto;
  outline: none;
  box-shadow: none;
  resize: none;
  font-family: 'Monaco', monospace, sans-serif;
",
                ],
              },
              "displayName": "styled.textarea",
              "render": [Function],
              "styledComponentId": "sc-bwzfXH",
              "target": "textarea",
              "warnTooManyClasses": [Function],
              "withComponent": [Function],
            }
          }
          forwardedRef={null}
          placeholder="\\"The first draft is just you telling yourself the story.\\""
          value="this is the body of test01.md"
        >
          <textarea
            className="c2"
            placeholder="\\"The first draft is just you telling yourself the story.\\""
            value="this is the body of test01.md"
          />
        </StyledComponent>
      </styled.textarea>
    </div>
  </StyledComponent>
</styled.div>
`;
