// Jest Snapshot v1, https://goo.gl/fbAQLP

exports[`<Action /> should render correctly 1`] = `
ShallowWrapper {
  Symbol(enzyme.__root__): [Circular],
  Symbol(enzyme.__unrendered__): <ForwardRef>
    <ForwardRef
      type="new"
    >
      New
    </ForwardRef>
    <ForwardRef
      type="save"
    >
      Save
    </ForwardRef>
    <ForwardRef
      type="delete"
    >
      Delete
    </ForwardRef>
  </ForwardRef>,
  Symbol(enzyme.__renderer__): Object {
    "batchedUpdates": [Function],
    "getNode": [Function],
    "render": [Function],
    "simulateError": [Function],
    "simulateEvent": [Function],
    "unmount": [Function],
  },
  Symbol(enzyme.__node__): Object {
    "instance": null,
    "key": undefined,
    "nodeType": "class",
    "props": Object {
      "children": Array [
        <ForwardRef
          type="new"
        >
          New
        </ForwardRef>,
        <ForwardRef
          type="save"
        >
          Save
        </ForwardRef>,
        <ForwardRef
          type="delete"
        >
          Delete
        </ForwardRef>,
      ],
      "forwardedClass": Object {
        "$$typeof": Symbol(react.forward_ref),
        "Button": Object {
          "$$typeof": Symbol(react.forward_ref),
          "attrs": undefined,
          "componentStyle": ComponentStyle {
            "componentId": "sc-bwzfXH",
            "isStatic": false,
            "rules": Array [
              "
  .editor .action-button.save {
    margin-right: ",
              [Function],
              ";
    margin-left: ",
              [Function],
              ";
    border: 2px solid ",
              [Function],
              ";
    &:hover {
      border: none;
      background: ",
              [Function],
              ";
      color: rgb(255, 255, 255);
    }
  }
",
            ],
          },
          "displayName": "Styled(Button)",
          "render": [Function],
          "styledComponentId": "sc-bwzfXH",
          "target": [Function],
          "warnTooManyClasses": [Function],
          "withComponent": [Function],
          Symbol(Symbol.hasInstance): [Function],
        },
        "attrs": undefined,
        "componentStyle": ComponentStyle {
          "componentId": "sc-htpNat",
          "isStatic": true,
          "rules": Array [
            "
  margin-top: auto;
  display: flex;
  flex-direction: row;
  justify-content: flex-end;
",
          ],
        },
        "displayName": "styled.div",
        "render": [Function],
        "styledComponentId": "sc-htpNat",
        "target": "div",
        "warnTooManyClasses": [Function],
        "withComponent": [Function],
      },
      "forwardedRef": null,
    },
    "ref": null,
    "rendered": Array [
      Object {
        "instance": null,
        "key": undefined,
        "nodeType": "function",
        "props": Object {
          "children": "New",
          "type": "new",
        },
        "ref": null,
        "rendered": "New",
        "type": Object {
          "$$typeof": Symbol(react.forward_ref),
          "attrs": undefined,
          "componentStyle": ComponentStyle {
            "componentId": "sc-bwzfXH",
            "isStatic": false,
            "rules": Array [
              "
  .editor .action-button.save {
    margin-right: ",
              [Function],
              ";
    margin-left: ",
              [Function],
              ";
    border: 2px solid ",
              [Function],
              ";
    &:hover {
      border: none;
      background: ",
              [Function],
              ";
      color: rgb(255, 255, 255);
    }
  }
",
            ],
          },
          "displayName": "Styled(Button)",
          "render": [Function],
          "styledComponentId": "sc-bwzfXH",
          "target": [Function],
          "warnTooManyClasses": [Function],
          "withComponent": [Function],
          Symbol(Symbol.hasInstance): [Function],
        },
      },
      Object {
        "instance": null,
        "key": undefined,
        "nodeType": "function",
        "props": Object {
          "children": "Save",
          "type": "save",
        },
        "ref": null,
        "rendered": "Save",
        "type": Object {
          "$$typeof": Symbol(react.forward_ref),
          "attrs": undefined,
          "componentStyle": ComponentStyle {
            "componentId": "sc-bwzfXH",
            "isStatic": false,
            "rules": Array [
              "
  .editor .action-button.save {
    margin-right: ",
              [Function],
              ";
    margin-left: ",
              [Function],
              ";
    border: 2px solid ",
              [Function],
              ";
    &:hover {
      border: none;
      background: ",
              [Function],
              ";
      color: rgb(255, 255, 255);
    }
  }
",
            ],
          },
          "displayName": "Styled(Button)",
          "render": [Function],
          "styledComponentId": "sc-bwzfXH",
          "target": [Function],
          "warnTooManyClasses": [Function],
          "withComponent": [Function],
          Symbol(Symbol.hasInstance): [Function],
        },
      },
      Object {
        "instance": null,
        "key": undefined,
        "nodeType": "function",
        "props": Object {
          "children": "Delete",
          "type": "delete",
        },
        "ref": null,
        "rendered": "Delete",
        "type": Object {
          "$$typeof": Symbol(react.forward_ref),
          "attrs": undefined,
          "componentStyle": ComponentStyle {
            "componentId": "sc-bwzfXH",
            "isStatic": false,
            "rules": Array [
              "
  .editor .action-button.save {
    margin-right: ",
              [Function],
              ";
    margin-left: ",
              [Function],
              ";
    border: 2px solid ",
              [Function],
              ";
    &:hover {
      border: none;
      background: ",
              [Function],
              ";
      color: rgb(255, 255, 255);
    }
  }
",
            ],
          },
          "displayName": "Styled(Button)",
          "render": [Function],
          "styledComponentId": "sc-bwzfXH",
          "target": [Function],
          "warnTooManyClasses": [Function],
          "withComponent": [Function],
          Symbol(Symbol.hasInstance): [Function],
        },
      },
    ],
    "type": [Function],
  },
  Symbol(enzyme.__nodes__): Array [
    Object {
      "instance": null,
      "key": undefined,
      "nodeType": "class",
      "props": Object {
        "children": Array [
          <ForwardRef
            type="new"
          >
            New
          </ForwardRef>,
          <ForwardRef
            type="save"
          >
            Save
          </ForwardRef>,
          <ForwardRef
            type="delete"
          >
            Delete
          </ForwardRef>,
        ],
        "forwardedClass": Object {
          "$$typeof": Symbol(react.forward_ref),
          "Button": Object {
            "$$typeof": Symbol(react.forward_ref),
            "attrs": undefined,
            "componentStyle": ComponentStyle {
              "componentId": "sc-bwzfXH",
              "isStatic": false,
              "rules": Array [
                "
  .editor .action-button.save {
    margin-right: ",
                [Function],
                ";
    margin-left: ",
                [Function],
                ";
    border: 2px solid ",
                [Function],
                ";
    &:hover {
      border: none;
      background: ",
                [Function],
                ";
      color: rgb(255, 255, 255);
    }
  }
",
              ],
            },
            "displayName": "Styled(Button)",
            "render": [Function],
            "styledComponentId": "sc-bwzfXH",
            "target": [Function],
            "warnTooManyClasses": [Function],
            "withComponent": [Function],
            Symbol(Symbol.hasInstance): [Function],
          },
          "attrs": undefined,
          "componentStyle": ComponentStyle {
            "componentId": "sc-htpNat",
            "isStatic": true,
            "rules": Array [
              "
  margin-top: auto;
  display: flex;
  flex-direction: row;
  justify-content: flex-end;
",
            ],
          },
          "displayName": "styled.div",
          "render": [Function],
          "styledComponentId": "sc-htpNat",
          "target": "div",
          "warnTooManyClasses": [Function],
          "withComponent": [Function],
        },
        "forwardedRef": null,
      },
      "ref": null,
      "rendered": Array [
        Object {
          "instance": null,
          "key": undefined,
          "nodeType": "function",
          "props": Object {
            "children": "New",
            "type": "new",
          },
          "ref": null,
          "rendered": "New",
          "type": Object {
            "$$typeof": Symbol(react.forward_ref),
            "attrs": undefined,
            "componentStyle": ComponentStyle {
              "componentId": "sc-bwzfXH",
              "isStatic": false,
              "rules": Array [
                "
  .editor .action-button.save {
    margin-right: ",
                [Function],
                ";
    margin-left: ",
                [Function],
                ";
    border: 2px solid ",
                [Function],
                ";
    &:hover {
      border: none;
      background: ",
                [Function],
                ";
      color: rgb(255, 255, 255);
    }
  }
",
              ],
            },
            "displayName": "Styled(Button)",
            "render": [Function],
            "styledComponentId": "sc-bwzfXH",
            "target": [Function],
            "warnTooManyClasses": [Function],
            "withComponent": [Function],
            Symbol(Symbol.hasInstance): [Function],
          },
        },
        Object {
          "instance": null,
          "key": undefined,
          "nodeType": "function",
          "props": Object {
            "children": "Save",
            "type": "save",
          },
          "ref": null,
          "rendered": "Save",
          "type": Object {
            "$$typeof": Symbol(react.forward_ref),
            "attrs": undefined,
            "componentStyle": ComponentStyle {
              "componentId": "sc-bwzfXH",
              "isStatic": false,
              "rules": Array [
                "
  .editor .action-button.save {
    margin-right: ",
                [Function],
                ";
    margin-left: ",
                [Function],
                ";
    border: 2px solid ",
                [Function],
                ";
    &:hover {
      border: none;
      background: ",
                [Function],
                ";
      color: rgb(255, 255, 255);
    }
  }
",
              ],
            },
            "displayName": "Styled(Button)",
            "render": [Function],
            "styledComponentId": "sc-bwzfXH",
            "target": [Function],
            "warnTooManyClasses": [Function],
            "withComponent": [Function],
            Symbol(Symbol.hasInstance): [Function],
          },
        },
        Object {
          "instance": null,
          "key": undefined,
          "nodeType": "function",
          "props": Object {
            "children": "Delete",
            "type": "delete",
          },
          "ref": null,
          "rendered": "Delete",
          "type": Object {
            "$$typeof": Symbol(react.forward_ref),
            "attrs": undefined,
            "componentStyle": ComponentStyle {
              "componentId": "sc-bwzfXH",
              "isStatic": false,
              "rules": Array [
                "
  .editor .action-button.save {
    margin-right: ",
                [Function],
                ";
    margin-left: ",
                [Function],
                ";
    border: 2px solid ",
                [Function],
                ";
    &:hover {
      border: none;
      background: ",
                [Function],
                ";
      color: rgb(255, 255, 255);
    }
  }
",
              ],
            },
            "displayName": "Styled(Button)",
            "render": [Function],
            "styledComponentId": "sc-bwzfXH",
            "target": [Function],
            "warnTooManyClasses": [Function],
            "withComponent": [Function],
            Symbol(Symbol.hasInstance): [Function],
          },
        },
      ],
      "type": [Function],
    },
  ],
  Symbol(enzyme.__options__): Object {
    "adapter": ReactSixteenAdapter {
      "options": Object {
        "enableComponentDidUpdateOnSetState": true,
        "lifecycles": Object {
          "componentDidUpdate": Object {
            "onSetState": true,
          },
          "getDerivedStateFromProps": true,
          "getSnapshotBeforeUpdate": true,
          "setState": Object {
            "skipsComponentDidUpdateOnNullish": true,
          },
        },
      },
    },
  },
}
`;
